
> react-typescript-starter@0.1.0 test
> react-scripts test --coverage

Browserslist: caniuse-lite is outdated. Please run:
  npx browserslist@latest --update-db
  Why you should do it regularly: https://github.com/browserslist/browserslist#browsers-data-updating
PASS src/App.test.tsx
  ● Console

    console.error
      Warning: validateDOMNesting(...): <button> cannot appear as a child of <tr>.
          at button
          at tr
          at tbody
          at table
          at div
          at SemesterDisplay (/home/runner/work/UDCIS-Scheduler/UDCIS-Scheduler/src/components/SemesterDisplay.tsx:8:5)
          at div
          at div
          at div
          at SemesterList (/home/runner/work/UDCIS-Scheduler/UDCIS-Scheduler/src/components/SemsterList.tsx:10:5)
          at div
          at /home/runner/work/UDCIS-Scheduler/UDCIS-Scheduler/node_modules/react-bootstrap/cjs/Col.js:72:8
          at div
          at /home/runner/work/UDCIS-Scheduler/UDCIS-Scheduler/node_modules/react-bootstrap/cjs/Row.js:22:3
          at div
          at /home/runner/work/UDCIS-Scheduler/UDCIS-Scheduler/node_modules/react-bootstrap/cjs/Container.js:24:3
          at div
          at div
          at App (/home/runner/work/UDCIS-Scheduler/UDCIS-Scheduler/src/App.tsx:22:39)

      at printWarning (node_modules/react-dom/cjs/react-dom.development.js:67:30)
      at error (node_modules/react-dom/cjs/react-dom.development.js:43:5)
      at validateDOMNesting (node_modules/react-dom/cjs/react-dom.development.js:10081:7)
      at createInstance (node_modules/react-dom/cjs/react-dom.development.js:10181:5)
      at completeWork (node_modules/react-dom/cjs/react-dom.development.js:19464:28)
      at completeUnitOfWork (node_modules/react-dom/cjs/react-dom.development.js:22812:16)
      at performUnitOfWork (node_modules/react-dom/cjs/react-dom.development.js:22787:5)
      at workLoopSync (node_modules/react-dom/cjs/react-dom.development.js:22707:5)

    console.log
      -1

      at handleConfirm (src/components/AddCourse.tsx:48:17)

    console.log
      true

      at handleSearch (src/components/Search.tsx:52:21)

    console.log
      true

      at handleSearch (src/components/Search.tsx:52:21)

FAIL src/components/courseTable.test.tsx
  ● Console

    console.log
      test edit button save changes:  {
        code: 'CS108',
        name: 'Intro to Computer Science I',
        description: '...',
        credits: 3,
        preReq: [],
        coreReq: []
      }

      at handleSaveChanges (src/components/EditCourse.tsx:52:17)

    console.log
      <div><div><div class="tableBetween"><div><table class="Tablesize"><thead><tr><th>Code: CS10</th><th>Name</th><th>Edit Course</th><th>Add it to Semester</th></tr></thead><tbody><tr><td>CS108</td><td>Intro to Computer Science I</td><td><button type="button" class="btn btn-primary">Edit</button></td><td class="adjustrow"><button type="button" class="btn btn-success">Add to Semester</button><div><div></div></div></td></tr></tbody></table></div></div></div></div><div class="fade modal-backdrop show"></div><div role="dialog" aria-modal="true" class="fade modal show" tabindex="-1" style="display: block; padding-right: 0px;"><div class="modal-dialog"><div class="modal-content"><div class="modal-header"><div class="modal-title h4">Choose One Semester</div><button type="button" class="btn-close" aria-label="Close"></button></div><div class="modal-body"><div><button type="button" class="btn btn-success">2023 Fall</button><br></div><div></div></div><div class="modal-footer"><button type="button" class="btn btn-primary">Save Changes</button></div></div></div></div>

      at Object.<anonymous> (src/components/courseTable.test.tsx:85:17)

  ● CoursesTable component › renders table headers correctly

    TestingLibraryElementError: Unable to find an element with the text: Code. This could be because the text is broken up by multiple elements. In this case, you can provide a function for your text matcher to make your matcher more flexible.

    Ignored nodes: comments, script, style
    [36m<body>[39m
      [36m<div>[39m
        [36m<div>[39m
          [36m<div[39m
            [33mclass[39m=[32m"tableBetween"[39m
          [36m>[39m
            [36m<div>[39m
              [36m<table[39m
                [33mclass[39m=[32m"Tablesize"[39m
              [36m>[39m
                [36m<thead>[39m
                  [36m<tr>[39m
                    [36m<th>[39m
                      [0mCode: [0m
                      [0mCS10[0m
                    [36m</th>[39m
                    [36m<th>[39m
                      [0mName[0m
                    [36m</th>[39m
                    [36m<th>[39m
                      [0mEdit Course[0m
                    [36m</th>[39m
                    [36m<th>[39m
                      [0mAdd it to Semester[0m
                    [36m</th>[39m
                  [36m</tr>[39m
                [36m</thead>[39m
                [36m<tbody>[39m
                  [36m<tr>[39m
                    [36m<td>[39m
                      [0mCS108[0m
                    [36m</td>[39m
                    [36m<td>[39m
                      [0mIntro to Computer Science I[0m
                    [36m</td>[39m
                    [36m<td>[39m
                      [36m<button[39m
                        [33mclass[39m=[32m"btn btn-primary"[39m
                        [33mtype[39m=[32m"button"[39m
                      [36m>[39m
                        [0mEdit[0m
                      [36m</button>[39m
                    [36m</td>[39m
                    [36m<td[39m
                      [33mclass[39m=[32m"adjustrow"[39m
                    [36m>[39m
                      [36m<button[39m
                        [33mclass[39m=[32m"btn btn-success"[39m
                        [33mtype[39m=[32m"button"[39m
                      [36m>[39m
                        [0mAdd to Semester[0m
                      [36m</button>[39m
                      [36m<div />[39m
                    [36m</td>[39m
                  [36m</tr>[39m
                [36m</tbody>[39m
              [36m</table>[39m
            [36m</div>[39m
          [36m</div>[39m
        [36m</div>[39m
      [36m</div>[39m
    [36m</body>[39m

      49 |     test("renders table headers correctly", () => {
      50 |         renderComponent();
    > 51 |         expect(screen.getByText("Code")).toBeInTheDocument();
         |                       ^
      52 |         expect(screen.getByText("Name")).toBeInTheDocument();
      53 |         expect(screen.getByText("Edit Course")).toBeInTheDocument();
      54 |         expect(screen.getByText("Add it to Semester")).toBeInTheDocument();

      at Object.getElementError (node_modules/@testing-library/react/node_modules/@testing-library/dom/dist/config.js:37:19)
      at node_modules/@testing-library/react/node_modules/@testing-library/dom/dist/query-helpers.js:76:38
      at node_modules/@testing-library/react/node_modules/@testing-library/dom/dist/query-helpers.js:52:17
      at getByText (node_modules/@testing-library/react/node_modules/@testing-library/dom/dist/query-helpers.js:95:19)
      at Object.<anonymous> (src/components/courseTable.test.tsx:51:23)
      at TestScheduler.scheduleTests (node_modules/@jest/core/build/TestScheduler.js:333:13)
      at runJest (node_modules/@jest/core/build/runJest.js:404:19)
      at _run10000 (node_modules/@jest/core/build/cli/index.js:320:7)
      at runCLI (node_modules/@jest/core/build/cli/index.js:173:3)

  ● CoursesTable component › opens EditCourse modal on Edit button click

    TestingLibraryElementError: Found multiple elements with the text: Edit Course

    Here are the matching elements:

    Ignored nodes: comments, script, style
    [36m<th>[39m
      [0mEdit Course[0m
    [36m</th>[39m

    Ignored nodes: comments, script, style
    [36m<div[39m
      [33mclass[39m=[32m"modal-title h4"[39m
    [36m>[39m
      [0mEdit Course[0m
    [36m</div>[39m

    (If this is intentional, then use the `*AllBy*` variant of the query (like `queryAllByText`, `getAllByText`, or `findAllByText`)).

    Ignored nodes: comments, script, style
    [36m<body[39m
      [33mclass[39m=[32m"modal-open"[39m
      [33mdata-rr-ui-modal-open[39m=[32m""[39m
      [33mstyle[39m=[32m"padding-right: 1024px;"[39m
    [36m>[39m
      [36m<div>[39m
        [36m<div>[39m
          [36m<div[39m
            [33mclass[39m=[32m"tableBetween"[39m
          [36m>[39m
            [36m<div>[39m
              [36m<table[39m
                [33mclass[39m=[32m"Tablesize"[39m
              [36m>[39m
                [36m<thead>[39m
                  [36m<tr>[39m
                    [36m<th>[39m
                      [0mCode: [0m
                      [0mCS10[0m
                    [36m</th>[39m
                    [36m<th>[39m
                      [0mName[0m
                    [36m</th>[39m
                    [36m<th>[39m
                      [0mEdit Course[0m
                    [36m</th>[39m
                    [36m<th>[39m
                      [0mAdd it to Semester[0m
                    [36m</th>[39m
                  [36m</tr>[39m
                [36m</thead>[39m
                [36m<tbody>[39m
                  [36m<tr>[39m
                    [36m<td>[39m
                      [0mCS108[0m
                    [36m</td>[39m
                    [36m<td>[39m
                      [0mIntro to Computer Science I[0m
                    [36m</td>[39m
                    [36m<td>[39m
                      [36m<button[39m
                        [33mclass[39m=[32m"btn btn-primary"[39m
                        [33mtype[39m=[32m"button"[39m
                      [36m>[39m
                        [0mEdit[0m
                      [36m</button>[39m
                      [36m<div />[39m
                    [36m</td>[39m
                    [36m<td[39m
                      [33mclass[39m=[32m"adjustrow"[39m
                    [36m>[39m
                      [36m<button[39m
                        [33mclass[39m=[32m"btn btn-success"[39m
                        [33mtype[39m=[32m"button"[39m
                      [36m>[39m
                        [0mAdd to Semester[0m
                      [36m</button>[39m
                      [36m<div />[39m
                    [36m</td>[39m
                  [36m</tr>[39m
                [36m</tbody>[39m
              [36m</table>[39m
            [36m</div>[39m
          [36m</div>[39m
        [36m</div>[39m
      [36m</div>[39m
      [36m<div[39m
        [33mclass[39m=[32m"modal-backdrop show"[39m
      [36m/>[39m
      [36m<div[39m
        [33maria-modal[39m=[32m"true"[39m
        [33mclass[39m=[32m"modal"[39m
        [33mrole[39m=[32m"dialog"[39m
        [33mstyle[39m=[32m"display: block;"[39m
        [33mtabindex[39m=[32m"-1"[39m
      [36m>[39m
        [36m<div[39m
          [33mclass[39m=[32m"modal-dialog"[39m
        [36m>[39m
          [36m<div[39m
            [33mclass[39m=[32m"modal-content"[39m
          [36m>[39m
            [0m [0m
            [36m<div[39m
              [33mclass[39m=[32m"modal-header"[39m
            [36m>[39m
              [36m<div[39m
                [33mclass[39m=[32m"modal-title h4"[39m
              [36m>[39m
                [0mEdit Course[0m
              [36m</div>[39m
              [36m<button[39m
                [33maria-label[39m=[32m"Close"[39m
                [33mclass[39m=[32m"btn-close"[39m
                [33mtype[39m=[32m"button"[39m
              [36m/>[39m
            [36m</div>[39m
            [36m<div[39m
              [33mclass[39m=[32m"modal-body"[39m
            [36m>[39m
              [36m<form[39m
                [33mclass[39m=[32m""[39m
              [36m>[39m
                [36m<div>[39m
                  [36m<label[39m
                    [33mclass[39m=[32m"form-label"[39m
                    [33mfor[39m=[32m"code"[39m
                  [36m>[39m
                    [0mCode[0m
                  [36m</label>[39m
                  [36m<input[39m
                    [33mclass[39m=[32m"form-control"[39m
                    [33mid[39m=[32m"code"[39m
                    [33mtype[39m=[32m"text"[39m
                    [33mvalue[39m=[32m"CS108"[39m
                  [36m/>[39m
                [36m</div>[39m
                [36m<div>[39m
                  [36m<label[39m
                    [33mclass[39m=[32m"form-label"[39m
                    [33mfor[39m=[32m"name"[39m
                  [36m>[39m
                    [0mName[0m
                  [36m</label>[39m
                  [36m<input[39m
                    [33mclass[39m=[32m"form-control"[39m
                    [33mid[39m=[32m"name"[39m
                    [33mtype[39m=[32m"text"[39m
                    [33mvalue[39m=[32m"Intro to Computer Science I"[39m
                  [36m/>[39m
                [36m</div>[39m
                [36m<div>[39m
                  [36m<label[39m
                    [33mclass[39m=[32m"form-label"[39m
                    [33mfor[39m=[32m"description"[39m
                  [36m>[39m
                    [0mDescription[0m
                  [36m</label>[39m
                  [36m<input[39m
                    [33mclass[39m=[32m"form-control"[39m
                    [33mid[39m=[32m"description"[39m
                    [33mtype[39m=[32m"text"[39m
                    [33mvalue[39m=[32m"..."[39m
                  [36m/>[39m
                [36m</div>[39m
                [36m<div>[39m
                  [36m<label[39m
                    [33mclass[39m=[32m"form-label"[39m
                    [33mfor[39m=[32m"credits"[39m
                  [36m>[39m
                    [0mCredits (please enter number)[0m
                  [36m</label>[39m
                  [36m<input[39m
                    [33mclass[39m=[32m"form-control"[39m
                    [33mid[39m=[32m"credits"[39m
                    [33mtype[39m=[32m"number"[39m
                    [33mvalue[39m=[32m"3"[39m
                  [36m/>[39m
                [36m</div>[39m
              [36m</form>[39m
            [36m</div>[39m
            [36m<div[39m
              [33mclass[39m=[32m"modal-footer"[39m
            [36m>[39m
              [36m<button[39m
                [33mclass[39m=[32m"btn btn-secondary"[39m
                [33mtype[39m=[32m"button"[39m
              [36m>[39m
                [0mReset[0m
              [36m</button>[39m
              [36m<button[39m
                [33mclass[39m=[32m"btn btn-primary"[39m
                [33mtype[39m=[32m"button"[39m
              [36m>[39m
                [0mSave Changes[0m
              [36m</button>[39m
            [36m</div>[39m
          [36m</div>[39m
        [36m</div>[39m
      [36m</div>[39m
    [36m</body>[39m

      67 |         const editButton = screen.getAllByText("Edit")[0];
      68 |         userEvent.click(editButton);
    > 69 |         expect(screen.getByText("Edit Course")).toBeInTheDocument();
         |                       ^
      70 |     });
      71 |
      72 |     test("calls setListCourses on EditCourse modal interaction", () => {

      at Object.getElementError (node_modules/@testing-library/react/node_modules/@testing-library/dom/dist/config.js:37:19)
      at getElementError (node_modules/@testing-library/react/node_modules/@testing-library/dom/dist/query-helpers.js:20:35)
      at getMultipleElementsFoundError (node_modules/@testing-library/react/node_modules/@testing-library/dom/dist/query-helpers.js:23:10)
      at node_modules/@testing-library/react/node_modules/@testing-library/dom/dist/query-helpers.js:55:13
      at getByText (node_modules/@testing-library/react/node_modules/@testing-library/dom/dist/query-helpers.js:95:19)
      at Object.<anonymous> (src/components/courseTable.test.tsx:69:23)
      at TestScheduler.scheduleTests (node_modules/@jest/core/build/TestScheduler.js:333:13)
      at runJest (node_modules/@jest/core/build/runJest.js:404:19)
      at _run10000 (node_modules/@jest/core/build/cli/index.js:320:7)
      at runCLI (node_modules/@jest/core/build/cli/index.js:173:3)

  ● CoursesTable component › shows error modal when adding a course already in a semester

    Unable to find an element with the text: AnotherElement. This could be because the text is broken up by multiple elements. In this case, you can provide a function for your text matcher to make your matcher more flexible.

    Ignored nodes: comments, script, style
    [36m<body[39m
      [33mclass[39m=[32m"modal-open"[39m
      [33mdata-rr-ui-modal-open[39m=[32m""[39m
      [33mstyle[39m=[32m"padding-right: 2048px;"[39m
    [36m>[39m
      [36m<div>[39m
        [36m<div>[39m
          [36m<div[39m
            [33mclass[39m=[32m"tableBetween"[39m
          [36m>[39m
            [36m<div>[39m
              [36m<table[39m
                [33mclass[39m=[32m"Tablesize"[39m
              [36m>[39m
                [36m<thead>[39m
                  [36m<tr>[39m
                    [36m<th>[39m
                      [0mCode: [0m
                      [0mCS10[0m
                    [36m</th>[39m
                    [36m<th>[39m
                      [0mName[0m
                    [36m</th>[39m
                    [36m<th>[39m
                      [0mEdit Course[0m
                    [36m</th>[39m
                    [36m<th>[39m
                      [0mAdd it to Semester[0m
                    [36m</th>[39m
                  [36m</tr>[39m
                [36m</thead>[39m
                [36m<tbody>[39m
                  [36m<tr>[39m
                    [36m<td>[39m
                      [0mCS108[0m
                    [36m</td>[39m
                    [36m<td>[39m
                      [0mIntro to Computer Science I[0m
                    [36m</td>[39m
                    [36m<td>[39m
                      [36m<button[39m
                        [33mclass[39m=[32m"btn btn-primary"[39m
                        [33mtype[39m=[32m"button"[39m
                      [36m>[39m
                        [0mEdit[0m
                      [36m</button>[39m
                    [36m</td>[39m
                    [36m<td[39m
                      [33mclass[39m=[32m"adjustrow"[39m
                    [36m>[39m
                      [36m<button[39m
                        [33mclass[39m=[32m"btn btn-success"[39m
                        [33mtype[39m=[32m"button"[39m
                      [36m>[39m
                        [0mAdd to Semester[0m
                      [36m</button>[39m
                      [36m<div>[39m
                        [36m<div />[39m
                      [36m</div>[39m
                    [36m</td>[39m
                  [36m</tr>[39m
                [36m</tbody>[39m
              [36m</table>[39m
            [36m</div>[39m
          [36m</div>[39m
        [36m</div>[39m
      [36m</div>[39m
      [36m<div[39m
        [33mclass[39m=[32m"fade modal-backdrop show"[39m
      [36m/>[39m
      [36m<div[39m
        [33maria-modal[39m=[32m"true"[39m
        [33mclass[39m=[32m"fade modal show"[39m
        [33mrole[39m=[32m"dialog"[39m
        [33mstyle[39m=[32m"display: block; padding-right: 0px;"[39m
        [33mtabindex[39m=[32m"-1"[39m
      [36m>[39m
        [36m<div[39m
          [33mclass[39m=[32m"modal-dialog"[39m
        [36m>[39m
          [36m<div[39m
            [33mclass[39m=[32m"modal-content"[39m
          [36m>[39m
            [36m<div[39m
              [33mclass[39m=[32m"modal-header"[39m
            [36m>[39m
              [36m<div[39m
                [33mclass[39m=[32m"modal-title h4"[39m
              [36m>[39m
                [0mChoose One Semester[0m
              [36m</div>[39m
              [36m<button[39m
                [33maria-label[39m=[32m"Close"[39m
                [33mclass[39m=[32m"btn-close"[39m
                [33mtype[39m=[32m"button"[39m
              [36m/>[39m
            [36m</div>[39m
            [36m<div[39m
              [33mclass[39m=[32m"modal-body"[39m
            [36m>[39m
              [36m<div>[39m
                [36m<button[39m
                  [33mclass[39m=[32m"btn btn-success"[39m
                  [33mtype[39m=[32m"button"[39m
                [36m>[39m
                  [0m2023 Fall[0m
                [36m</button>[39m
                [36m<br />[39m
              [36m</div>[39m
              [36m<div />[39m
            [36m</div>[39m
            [36m<div[39m
              [33mclass[39m=[32m"modal-footer"[39m
            [36m>[39m
              [36m<button[39m
                [33mclass[39m=[32m"btn btn-primary"[39m
                [33mtype[39m=[32m"button"[39m
              [36m>[39m
                [0mSave Changes[0m
              [36m</button>[39m
            [36m</div>[39m
          [36m</div>[39m
        [36m</div>[39m
      [36m</div>[39m
    [36m</body>[39m

      84 |         userEvent.click(addButton);
      85 |         console.log(document.body.innerHTML);
    > 86 |         const anotherElement = await screen.findByText("AnotherElement");
         |                                             ^
      87 |         expect(anotherElement).toBeInTheDocument();
      88 |         const errorMessage = await screen.findByText("Wrong Selection");
      89 |         expect(errorMessage).toBeInTheDocument();

      at waitForWrapper (node_modules/@testing-library/react/node_modules/@testing-library/dom/dist/wait-for.js:166:27)
      at findByText (node_modules/@testing-library/react/node_modules/@testing-library/dom/dist/query-helpers.js:86:33)
      at Object.<anonymous> (src/components/courseTable.test.tsx:86:45)
      at TestScheduler.scheduleTests (node_modules/@jest/core/build/TestScheduler.js:333:13)
      at runJest (node_modules/@jest/core/build/runJest.js:404:19)
      at _run10000 (node_modules/@jest/core/build/cli/index.js:320:7)
      at runCLI (node_modules/@jest/core/build/cli/index.js:173:3)

----------------------|---------|----------|---------|---------|----------------------------------
File                  | % Stmts | % Branch | % Funcs | % Lines | Uncovered Line #s                
----------------------|---------|----------|---------|---------|----------------------------------
All files             |   77.77 |    67.56 |    66.3 |   77.41 |                                  
 src                  |   91.66 |      100 |   84.61 |   91.17 |                                  
  App.tsx             |   91.66 |      100 |   84.61 |   91.17 | 46-47,121                        
 src/components       |   75.46 |    63.63 |   63.29 |   75.23 |                                  
  AddCourse.tsx       |   90.47 |     37.5 |   85.71 |   90.47 | 41,80                            
  AddtoSemester.tsx   |      80 |    66.66 |   66.66 |      80 | 22-23,56                         
  EditCourse.tsx      |   61.29 |       50 |    37.5 |   61.29 | 34,37,40,43,56-59,74-98          
  IntroModal.tsx      |     100 |      100 |     100 |     100 |                                  
  Search.tsx          |   77.19 |       75 |   55.55 |   77.19 | 48,67,70-75,87,90,96,100,104,205 
  SemesterDisplay.tsx |   45.83 |       50 |   36.36 |   43.47 | 17-22,32-35,49-79                
  SemesterModal.tsx   |   68.18 |       25 |      50 |   66.66 | 25-28,39-43,94-96                
  SemsterList.tsx     |      80 |       75 |      75 |      80 | 35                               
  SwitchPlan.tsx      |     100 |      100 |     100 |     100 |                                  
  courseTable.tsx     |   94.11 |       80 |    92.3 |   94.11 | 71,78                            
 src/interfaces       |       0 |        0 |       0 |       0 |                                  
  course.ts           |       0 |        0 |       0 |       0 |                                  
  semester.ts         |       0 |        0 |       0 |       0 |                                  
----------------------|---------|----------|---------|---------|----------------------------------
Test Suites: 1 failed, 1 passed, 2 total
Tests:       3 failed, 9 passed, 12 total
Snapshots:   0 total
Time:        7.296 s
Ran all test suites.
